#-----------------------------------------------------------
# Vivado v2025.1 (64-bit)
# SW Build 6140274 on Thu May 22 00:12:29 MDT 2025
# IP Build 6138677 on Thu May 22 03:10:11 MDT 2025
# SharedData Build 6139179 on Tue May 20 17:58:58 MDT 2025
# Start of session at: Thu Jul 31 20:38:13 2025
# Process ID         : 15376
# Current directory  : D:/Respaldos/usuario/Documents/source/University/Programming_5-VivadoStudio_Verilog/PARCIAL2/TALLER4/TALLER4
# Command line       : vivado.exe -gui_launcher_event rodinguilauncherevent9084 D:\Respaldos\usuario\Documents\source\University\Programming_5-VivadoStudio_Verilog\PARCIAL2\TALLER4\TALLER4\TALLER4.xpr
# Log file           : D:/Respaldos/usuario/Documents/source/University/Programming_5-VivadoStudio_Verilog/PARCIAL2/TALLER4/TALLER4/vivado.log
# Journal file       : D:/Respaldos/usuario/Documents/source/University/Programming_5-VivadoStudio_Verilog/PARCIAL2/TALLER4/TALLER4\vivado.jou
# Running On         : AWX
# Platform           : Windows Server 2016 or Windows 10
# Operating System   : 26100
# Processor Detail   : 12th Gen Intel(R) Core(TM) i7-12700H
# CPU Frequency      : 2688 MHz
# CPU Physical cores : 14
# CPU Logical cores  : 20
# Host memory        : 16849 MB
# Swap memory        : 13958 MB
# Total Virtual      : 30807 MB
# Available Virtual  : 15379 MB
#-----------------------------------------------------------
sstart_gui
open_project D:/Respaldos/usuario/Documents/source/University/Programming_5-VivadoStudio_Verilog/PARCIAL2/TALLER4/TALLER4/TALLER4.xpr
