#-----------------------------------------------------------
# Vivado v2023.2 (64-bit)
# SW Build 4029153 on Fri Oct 13 20:14:34 MDT 2023
# IP Build 4028589 on Sat Oct 14 00:45:43 MDT 2023
# SharedData Build 4025554 on Tue Oct 10 17:18:54 MDT 2023
# Start of session at: Mon Jul 29 20:45:59 2024
# Process ID: 34288
# Current directory: C:/Users/usuario/Desktop/PROV_WS/MODULOS_IP/mux41/mux41.runs/mux41_ip_mux21_0_0_synth_1
# Command line: vivado.exe -log mux41_ip_mux21_0_0.vds -product Vivado -mode batch -messageDb vivado.pb -notrace -source mux41_ip_mux21_0_0.tcl
# Log file: C:/Users/usuario/Desktop/PROV_WS/MODULOS_IP/mux41/mux41.runs/mux41_ip_mux21_0_0_synth_1/mux41_ip_mux21_0_0.vds
# Journal file: C:/Users/usuario/Desktop/PROV_WS/MODULOS_IP/mux41/mux41.runs/mux41_ip_mux21_0_0_synth_1\vivado.jou
# Running On: ItsMrJkali21, OS: Windows, CPU Frequency: 2688 MHz, CPU Physical cores: 14, Host memory: 16849 MB
#-----------------------------------------------------------
source mux41_ip_mux21_0_0.tcl -notrace
