#-----------------------------------------------------------
# Vivado v2025.1 (64-bit)
# SW Build 6140274 on Thu May 22 00:12:29 MDT 2025
# IP Build 6138677 on Thu May 22 03:10:11 MDT 2025
# SharedData Build 6139179 on Tue May 20 17:58:58 MDT 2025
# Start of session at: Thu Aug 21 23:27:39 2025
# Process ID         : 14768
# Current directory  : D:/Respaldos/usuario/Documents/source/University/Programming_5-VivadoStudio_Verilog/PARCIAL3/EXAMEN_3ERPARCIAL/EJERCICIO4
# Command line       : vivado.exe -gui_launcher_event rodinguilauncherevent11712 D:\Respaldos\usuario\Documents\source\University\Programming_5-VivadoStudio_Verilog\PARCIAL3\EXAMEN_3ERPARCIAL\EJERCICIO4\EJERCICIO4.xpr
# Log file           : D:/Respaldos/usuario/Documents/source/University/Programming_5-VivadoStudio_Verilog/PARCIAL3/EXAMEN_3ERPARCIAL/EJERCICIO4/vivado.log
# Journal file       : D:/Respaldos/usuario/Documents/source/University/Programming_5-VivadoStudio_Verilog/PARCIAL3/EXAMEN_3ERPARCIAL/EJERCICIO4\vivado.jou
# Running On         : AWX
# Platform           : Windows Server 2016 or Windows 10
# Operating System   : 26100
# Processor Detail   : 12th Gen Intel(R) Core(TM) i7-12700H
# CPU Frequency      : 2688 MHz
# CPU Physical cores : 14
# CPU Logical cores  : 20
# Host memory        : 16849 MB
# Swap memory        : 12884 MB
# Total Virtual      : 29734 MB
# Available Virtual  : 11449 MB
#-----------------------------------------------------------
start_gui
open_project D:/Respaldos/usuario/Documents/source/University/Programming_5-VivadoStudio_Verilog/PARCIAL3/EXAMEN_3ERPARCIAL/EJERCICIO4/EJERCICIO4.xpr
update_compile_order -fileset sources_1
synth_design -rtl -rtl_skip_mlo -name rtl_1
